0:0:0:0:0:0:0:1 - - [12/May/2022:08:46:14 +0700] "GET /LapTrinhWebsite/admin/addQuantity?id=29 HTTP/1.1" 200 6771
127.0.0.1 - - [12/May/2022:08:46:30 +0700] "GET / HTTP/1.1" 404 751
0:0:0:0:0:0:0:1 - - [12/May/2022:08:46:30 +0700] "GET /LapTrinhWebsite/admin/addQuantity?id=29 HTTP/1.1" 200 6796
127.0.0.1 - - [12/May/2022:08:46:43 +0700] "GET / HTTP/1.1" 404 751
0:0:0:0:0:0:0:1 - - [12/May/2022:08:46:43 +0700] "GET /LapTrinhWebsite/admin/addQuantity?id=29 HTTP/1.1" 200 6809
0:0:0:0:0:0:0:1 - - [12/May/2022:08:46:44 +0700] "GET /LapTrinhWebsite/admin/addQuantity?id=29 HTTP/1.1" 200 6809
0:0:0:0:0:0:0:1 - - [12/May/2022:08:46:44 +0700] "GET /LapTrinhWebsite/admin/addQuantity?id=29 HTTP/1.1" 200 6809
0:0:0:0:0:0:0:1 - - [12/May/2022:08:46:45 +0700] "GET /LapTrinhWebsite/admin/addQuantity?id=29 HTTP/1.1" 200 6809
0:0:0:0:0:0:0:1 - - [12/May/2022:08:46:45 +0700] "GET /LapTrinhWebsite/admin/addQuantity?id=29 HTTP/1.1" 200 6809
127.0.0.1 - - [12/May/2022:08:46:54 +0700] "GET / HTTP/1.1" 404 751
127.0.0.1 - - [12/May/2022:08:46:54 +0700] "GET /LapTrinhWebsite/admin/addQuantity?id=29 HTTP/1.1" 200 6809
127.0.0.1 - - [12/May/2022:08:47:08 +0700] "GET / HTTP/1.1" 404 751
0:0:0:0:0:0:0:1 - - [12/May/2022:08:47:08 +0700] "GET /LapTrinhWebsite/admin/addQuantity?id=29 HTTP/1.1" 200 6820
127.0.0.1 - - [12/May/2022:08:47:30 +0700] "GET / HTTP/1.1" 404 751
127.0.0.1 - - [12/May/2022:08:47:30 +0700] "GET /LapTrinhWebsite/admin/addQuantity?id=29 HTTP/1.1" 200 6883
127.0.0.1 - - [12/May/2022:08:47:36 +0700] "POST /LapTrinhWebsite/admin/addQuantity HTTP/1.1" 500 1447
127.0.0.1 - - [12/May/2022:08:47:51 +0700] "GET / HTTP/1.1" 404 751
127.0.0.1 - - [12/May/2022:08:47:51 +0700] "GET /LapTrinhWebsite/admin/addQuantity?id=29 HTTP/1.1" 200 6895
127.0.0.1 - - [12/May/2022:08:47:53 +0700] "POST /LapTrinhWebsite/admin/addQuantity HTTP/1.1" 302 -
127.0.0.1 - - [12/May/2022:08:47:53 +0700] "GET /LapTrinhWebsite/admin/addQuantity HTTP/1.1" 500 1446
127.0.0.1 - - [12/May/2022:08:48:15 +0700] "GET / HTTP/1.1" 404 751
0:0:0:0:0:0:0:1 - - [12/May/2022:08:48:16 +0700] "GET /LapTrinhWebsite/admin/addQuantity?id=29 HTTP/1.1" 200 7023
0:0:0:0:0:0:0:1 - - [12/May/2022:08:48:18 +0700] "POST /LapTrinhWebsite/admin/addQuantity HTTP/1.1" 302 -
0:0:0:0:0:0:0:1 - - [12/May/2022:08:48:18 +0700] "GET /LapTrinhWebsite/admin/addQuantity?id=29 HTTP/1.1" 200 7023
0:0:0:0:0:0:0:1 - - [12/May/2022:08:48:20 +0700] "POST /LapTrinhWebsite/admin/addQuantity HTTP/1.1" 302 -
0:0:0:0:0:0:0:1 - - [12/May/2022:08:48:20 +0700] "GET /LapTrinhWebsite/admin/addQuantity?id=29 HTTP/1.1" 200 7023
0:0:0:0:0:0:0:1 - - [12/May/2022:08:48:24 +0700] "POST /LapTrinhWebsite/admin/addQuantity HTTP/1.1" 302 -
0:0:0:0:0:0:0:1 - - [12/May/2022:08:48:24 +0700] "GET /LapTrinhWebsite/admin/addQuantity?id=29 HTTP/1.1" 200 7023
0:0:0:0:0:0:0:1 - - [12/May/2022:08:48:28 +0700] "POST /LapTrinhWebsite/admin/addQuantity HTTP/1.1" 302 -
0:0:0:0:0:0:0:1 - - [12/May/2022:08:48:28 +0700] "GET /LapTrinhWebsite/admin/addQuantity?id=29 HTTP/1.1" 200 7023
0:0:0:0:0:0:0:1 - - [12/May/2022:08:48:29 +0700] "GET /LapTrinhWebsite/admin/addQuantity?id=29 HTTP/1.1" 200 6895
0:0:0:0:0:0:0:1 - - [12/May/2022:08:48:48 +0700] "GET /LapTrinhWebsite/admin/addQuantity?id=29 HTTP/1.1" 200 6895
127.0.0.1 - - [12/May/2022:08:48:48 +0700] "GET / HTTP/1.1" 404 751
0:0:0:0:0:0:0:1 - - [12/May/2022:08:48:50 +0700] "POST /LapTrinhWebsite/admin/addQuantity HTTP/1.1" 500 1518
0:0:0:0:0:0:0:1 - - [12/May/2022:08:48:58 +0700] "GET /LapTrinhWebsite/admin/addQuantity?id=29 HTTP/1.1" 200 6895
127.0.0.1 - - [12/May/2022:08:48:58 +0700] "GET / HTTP/1.1" 404 751
0:0:0:0:0:0:0:1 - - [12/May/2022:08:48:59 +0700] "GET /LapTrinhWebsite/admin/addQuantity?id=29 HTTP/1.1" 200 6895
0:0:0:0:0:0:0:1 - - [12/May/2022:08:49:01 +0700] "POST /LapTrinhWebsite/admin/addQuantity HTTP/1.1" 500 1518
0:0:0:0:0:0:0:1 - - [12/May/2022:08:49:35 +0700] "GET /LapTrinhWebsite/admin/addQuantity?id=29 HTTP/1.1" 200 6895
0:0:0:0:0:0:0:1 - - [12/May/2022:08:50:22 +0700] "GET /LapTrinhWebsite/admin/addQuantity?id=29 HTTP/1.1" 200 6895
127.0.0.1 - - [12/May/2022:08:50:22 +0700] "GET / HTTP/1.1" 404 751
0:0:0:0:0:0:0:1 - - [12/May/2022:08:50:24 +0700] "POST /LapTrinhWebsite/admin/addQuantity HTTP/1.1" 500 1518
0:0:0:0:0:0:0:1 - - [12/May/2022:08:50:45 +0700] "GET /LapTrinhWebsite/admin/addQuantity HTTP/1.1" 500 1446
127.0.0.1 - - [12/May/2022:08:50:46 +0700] "GET / HTTP/1.1" 404 751
0:0:0:0:0:0:0:1 - - [12/May/2022:08:50:47 +0700] "GET /LapTrinhWebsite/admin/addQuantity?id=29 HTTP/1.1" 200 6895
0:0:0:0:0:0:0:1 - - [12/May/2022:08:50:50 +0700] "POST /LapTrinhWebsite/admin/addQuantity HTTP/1.1" 302 -
0:0:0:0:0:0:0:1 - - [12/May/2022:08:50:50 +0700] "GET /LapTrinhWebsite/admin/addQuantity?id=29 HTTP/1.1" 200 7023
0:0:0:0:0:0:0:1 - - [12/May/2022:08:50:53 +0700] "GET /LapTrinhWebsite/admin/addQuantity?id=29 HTTP/1.1" 200 6895
0:0:0:0:0:0:0:1 - - [12/May/2022:08:50:57 +0700] "POST /LapTrinhWebsite/admin/addQuantity HTTP/1.1" 302 -
0:0:0:0:0:0:0:1 - - [12/May/2022:08:50:57 +0700] "GET /LapTrinhWebsite/admin/addQuantity?id=29 HTTP/1.1" 200 7023
0:0:0:0:0:0:0:1 - - [12/May/2022:08:50:59 +0700] "GET /LapTrinhWebsite/admin/addQuantity?id=29 HTTP/1.1" 200 6895
0:0:0:0:0:0:0:1 - - [12/May/2022:08:51:10 +0700] "GET /LapTrinhWebsite/admin/addQuantity?id=29 HTTP/1.1" 200 6895
127.0.0.1 - - [12/May/2022:08:51:10 +0700] "GET / HTTP/1.1" 404 751
0:0:0:0:0:0:0:1 - - [12/May/2022:08:51:12 +0700] "POST /LapTrinhWebsite/admin/addQuantity HTTP/1.1" 302 -
0:0:0:0:0:0:0:1 - - [12/May/2022:08:51:12 +0700] "GET /LapTrinhWebsite/admin/addQuantity?id=29 HTTP/1.1" 200 7023
0:0:0:0:0:0:0:1 - - [12/May/2022:08:51:17 +0700] "GET /LapTrinhWebsite/admin/addQuantity?id=29 HTTP/1.1" 200 6895
0:0:0:0:0:0:0:1 - - [12/May/2022:08:51:20 +0700] "POST /LapTrinhWebsite/admin/addQuantity HTTP/1.1" 302 -
0:0:0:0:0:0:0:1 - - [12/May/2022:08:51:20 +0700] "GET /LapTrinhWebsite/admin/addQuantity?id=29 HTTP/1.1" 200 7100
0:0:0:0:0:0:0:1 - - [12/May/2022:08:51:23 +0700] "GET /LapTrinhWebsite/admin/addItem HTTP/1.1" 200 7008
0:0:0:0:0:0:0:1 - - [12/May/2022:08:51:24 +0700] "GET /LapTrinhWebsite/admin/view HTTP/1.1" 200 26120
0:0:0:0:0:0:0:1 - - [12/May/2022:08:51:25 +0700] "GET /LapTrinhWebsite/admin/addItem HTTP/1.1" 200 7008
0:0:0:0:0:0:0:1 - - [12/May/2022:08:51:26 +0700] "GET /LapTrinhWebsite/admin/view HTTP/1.1" 200 26120
0:0:0:0:0:0:0:1 - - [12/May/2022:08:51:28 +0700] "GET /LapTrinhWebsite/admin/view HTTP/1.1" 200 26120
0:0:0:0:0:0:0:1 - - [12/May/2022:08:51:29 +0700] "GET /LapTrinhWebsite/admin/addQuantity?id=29 HTTP/1.1" 200 6972
0:0:0:0:0:0:0:1 - - [12/May/2022:08:51:42 +0700] "GET /LapTrinhWebsite/admin/view HTTP/1.1" 200 26120
0:0:0:0:0:0:0:1 - - [12/May/2022:08:51:45 +0700] "GET /LapTrinhWebsite/admin/addItem HTTP/1.1" 200 7008
0:0:0:0:0:0:0:1 - - [12/May/2022:08:51:47 +0700] "GET /LapTrinhWebsite/admin/view HTTP/1.1" 200 26120
0:0:0:0:0:0:0:1 - - [12/May/2022:08:51:48 +0700] "GET /LapTrinhWebsite/admin/addQuantity?id=43 HTTP/1.1" 200 6711
0:0:0:0:0:0:0:1 - - [12/May/2022:08:51:48 +0700] "GET /LapTrinhWebsite/upload/43_thump_20220512_074453.jpg HTTP/1.1" 304 -
127.0.0.1 - - [12/May/2022:08:52:49 +0700] "GET / HTTP/1.1" 404 751
0:0:0:0:0:0:0:1 - - [12/May/2022:08:52:49 +0700] "GET /LapTrinhWebsite/admin/addQuantity?id=43 HTTP/1.1" 200 6837
127.0.0.1 - - [12/May/2022:08:52:59 +0700] "GET / HTTP/1.1" 404 751
0:0:0:0:0:0:0:1 - - [12/May/2022:08:52:59 +0700] "GET /LapTrinhWebsite/admin/addQuantity?id=43 HTTP/1.1" 200 6845
0:0:0:0:0:0:0:1 - - [12/May/2022:08:53:13 +0700] "GET /LapTrinhWebsite/admin/view HTTP/1.1" 200 26120
0:0:0:0:0:0:0:1 - - [12/May/2022:08:53:14 +0700] "GET /LapTrinhWebsite/admin/addItem HTTP/1.1" 200 7008
0:0:0:0:0:0:0:1 - - [12/May/2022:08:53:15 +0700] "GET /LapTrinhWebsite/admin/view HTTP/1.1" 200 26120
0:0:0:0:0:0:0:1 - - [12/May/2022:08:53:15 +0700] "GET /LapTrinhWebsite/admin HTTP/1.1" 200 4593
0:0:0:0:0:0:0:1 - - [12/May/2022:08:53:16 +0700] "GET /LapTrinhWebsite/admin/view HTTP/1.1" 200 26120
0:0:0:0:0:0:0:1 - - [12/May/2022:08:53:16 +0700] "GET /LapTrinhWebsite/admin/addItem HTTP/1.1" 200 7008
0:0:0:0:0:0:0:1 - - [12/May/2022:08:53:19 +0700] "GET /LapTrinhWebsite/admin/view HTTP/1.1" 200 26120
0:0:0:0:0:0:0:1 - - [12/May/2022:08:53:21 +0700] "GET /LapTrinhWebsite/admin/addQuantity?id=43 HTTP/1.1" 200 6867
0:0:0:0:0:0:0:1 - - [12/May/2022:08:53:46 +0700] "GET /LapTrinhWebsite/admin/addQuantity?id=43 HTTP/1.1" 200 6867
127.0.0.1 - - [12/May/2022:08:53:47 +0700] "GET / HTTP/1.1" 404 751
0:0:0:0:0:0:0:1 - - [12/May/2022:08:53:48 +0700] "GET /LapTrinhWebsite/admin/addQuantity?id=43 HTTP/1.1" 200 6867
127.0.0.1 - - [12/May/2022:08:54:22 +0700] "GET / HTTP/1.1" 404 751
0:0:0:0:0:0:0:1 - - [12/May/2022:08:54:22 +0700] "GET /LapTrinhWebsite/admin/addQuantity?id=43 HTTP/1.1" 200 6901
127.0.0.1 - - [12/May/2022:08:54:33 +0700] "GET / HTTP/1.1" 404 751
0:0:0:0:0:0:0:1 - - [12/May/2022:08:54:33 +0700] "GET /LapTrinhWebsite/admin/addQuantity?id=43 HTTP/1.1" 200 6900
0:0:0:0:0:0:0:1 - - [12/May/2022:08:54:34 +0700] "GET /LapTrinhWebsite/admin/addQuantity?id=43 HTTP/1.1" 200 6900
127.0.0.1 - - [12/May/2022:08:55:07 +0700] "GET / HTTP/1.1" 404 751
0:0:0:0:0:0:0:1 - - [12/May/2022:08:55:08 +0700] "GET /LapTrinhWebsite/admin/addQuantity?id=43 HTTP/1.1" 200 6875
0:0:0:0:0:0:0:1 - - [12/May/2022:08:55:08 +0700] "GET /LapTrinhWebsite/admin/addQuantity?id=43 HTTP/1.1" 200 6875
127.0.0.1 - - [12/May/2022:08:58:48 +0700] "GET / HTTP/1.1" 404 751
0:0:0:0:0:0:0:1 - - [12/May/2022:08:58:48 +0700] "GET /LapTrinhWebsite/admin/addQuantity?id=43 HTTP/1.1" 200 7021
0:0:0:0:0:0:0:1 - - [12/May/2022:08:58:48 +0700] "GET /LapTrinhWebsite/upload/43_thump_20220512_074453.jpg HTTP/1.1" 304 -
0:0:0:0:0:0:0:1 - - [12/May/2022:08:58:48 +0700] "GET /LapTrinhWebsite/admin/view HTTP/1.1" 200 26120
0:0:0:0:0:0:0:1 - - [12/May/2022:08:58:50 +0700] "GET /LapTrinhWebsite/admin/addQuantity?id=39 HTTP/1.1" 200 7019
0:0:0:0:0:0:0:1 - - [12/May/2022:08:58:50 +0700] "GET /LapTrinhWebsite/upload/39_thump_20220512_054813.jpg HTTP/1.1" 200 3765995
0:0:0:0:0:0:0:1 - - [12/May/2022:08:58:52 +0700] "GET /LapTrinhWebsite/admin/view HTTP/1.1" 200 26120
0:0:0:0:0:0:0:1 - - [12/May/2022:08:58:53 +0700] "GET /LapTrinhWebsite/admin/addQuantity?id=40 HTTP/1.1" 200 7025
0:0:0:0:0:0:0:1 - - [12/May/2022:08:58:53 +0700] "GET /LapTrinhWebsite/upload/40_thump_20220512_072111.jpg HTTP/1.1" 200 -
0:0:0:0:0:0:0:1 - - [12/May/2022:08:58:57 +0700] "GET /LapTrinhWebsite/admin/view HTTP/1.1" 200 26120
0:0:0:0:0:0:0:1 - - [12/May/2022:08:58:58 +0700] "GET /LapTrinhWebsite/admin/addQuantity?id=42 HTTP/1.1" 200 7032
0:0:0:0:0:0:0:1 - - [12/May/2022:08:58:58 +0700] "GET /LapTrinhWebsite/upload/42_thump_20220512_074200.jpg HTTP/1.1" 200 -
0:0:0:0:0:0:0:1 - - [12/May/2022:08:58:59 +0700] "GET /LapTrinhWebsite/admin/view HTTP/1.1" 200 26120
0:0:0:0:0:0:0:1 - - [12/May/2022:08:59:00 +0700] "GET /LapTrinhWebsite/admin/addQuantity?id=43 HTTP/1.1" 200 7021
0:0:0:0:0:0:0:1 - - [12/May/2022:08:59:01 +0700] "GET /LapTrinhWebsite/admin/view HTTP/1.1" 200 26120
0:0:0:0:0:0:0:1 - - [12/May/2022:08:59:02 +0700] "GET /LapTrinhWebsite/admin/addQuantity?id=29 HTTP/1.1" 200 7282
0:0:0:0:0:0:0:1 - - [12/May/2022:08:59:11 +0700] "GET /LapTrinhWebsite/home/vendor/bootstrap/js/bootstrap.bundle.min.js.map HTTP/1.1" 200 316503
0:0:0:0:0:0:0:1 - - [12/May/2022:08:59:11 +0700] "GET /LapTrinhWebsite/home/vendor/bootstrap/css/bootstrap.min.css.map HTTP/1.1" 200 651359
0:0:0:0:0:0:0:1 - - [12/May/2022:08:59:11 +0700] "GET /LapTrinhWebsite/admin/addQuantity?id=29 HTTP/1.1" 200 7282
0:0:0:0:0:0:0:1 - - [12/May/2022:08:59:11 +0700] "GET /LapTrinhWebsite/home/vendor/bootstrap/js/bootstrap.bundle.min.js.map HTTP/1.1" 200 316503
0:0:0:0:0:0:0:1 - - [12/May/2022:08:59:11 +0700] "GET /LapTrinhWebsite/home/vendor/bootstrap/css/bootstrap.min.css.map HTTP/1.1" 200 651359
127.0.0.1 - - [12/May/2022:08:59:29 +0700] "GET / HTTP/1.1" 404 751
0:0:0:0:0:0:0:1 - - [12/May/2022:08:59:29 +0700] "GET /LapTrinhWebsite/admin/addQuantity?id=29 HTTP/1.1" 200 7467
127.0.0.1 - - [12/May/2022:08:59:29 +0700] "GET /LapTrinhWebsite/home/vendor/bootstrap/js/bootstrap.bundle.min.js.map HTTP/1.1" 200 316503
0:0:0:0:0:0:0:1 - - [12/May/2022:08:59:29 +0700] "GET /LapTrinhWebsite/home/vendor/bootstrap/css/bootstrap.min.css.map HTTP/1.1" 200 651359
0:0:0:0:0:0:0:1 - - [12/May/2022:08:59:30 +0700] "POST /LapTrinhWebsite/admin/addQuantity HTTP/1.1" 200 2
0:0:0:0:0:0:0:1 - - [12/May/2022:08:59:30 +0700] "GET /LapTrinhWebsite/admin/addQuantity?id=29 HTTP/1.1" 200 7235
127.0.0.1 - - [12/May/2022:08:59:30 +0700] "GET /LapTrinhWebsite/home/vendor/bootstrap/js/bootstrap.bundle.min.js.map HTTP/1.1" 200 316503
0:0:0:0:0:0:0:1 - - [12/May/2022:08:59:30 +0700] "GET /LapTrinhWebsite/home/vendor/bootstrap/css/bootstrap.min.css.map HTTP/1.1" 200 651359
0:0:0:0:0:0:0:1 - - [12/May/2022:08:59:32 +0700] "GET /LapTrinhWebsite/admin/view HTTP/1.1" 200 26120
0:0:0:0:0:0:0:1 - - [12/May/2022:08:59:33 +0700] "GET /LapTrinhWebsite/admin/view HTTP/1.1" 200 26120
0:0:0:0:0:0:0:1 - - [12/May/2022:08:59:33 +0700] "GET /LapTrinhWebsite/admin/addItem HTTP/1.1" 200 7008
0:0:0:0:0:0:0:1 - - [12/May/2022:08:59:34 +0700] "GET /LapTrinhWebsite/admin/view HTTP/1.1" 200 26120
0:0:0:0:0:0:0:1 - - [12/May/2022:08:59:34 +0700] "GET /LapTrinhWebsite/admin/view HTTP/1.1" 200 26120
0:0:0:0:0:0:0:1 - - [12/May/2022:08:59:52 +0700] "GET /LapTrinhWebsite/admin/addItem HTTP/1.1" 200 7008
0:0:0:0:0:0:0:1 - - [12/May/2022:08:59:56 +0700] "GET /LapTrinhWebsite/admin/view HTTP/1.1" 200 26120
0:0:0:0:0:0:0:1 - - [12/May/2022:09:00:23 +0700] "GET /LapTrinhWebsite/admin/view HTTP/1.1" 200 26120
0:0:0:0:0:0:0:1 - - [12/May/2022:09:00:23 +0700] "GET /LapTrinhWebsite/admin/view HTTP/1.1" 200 26120
0:0:0:0:0:0:0:1 - - [12/May/2022:09:00:23 +0700] "GET /LapTrinhWebsite/admin HTTP/1.1" 200 4593
0:0:0:0:0:0:0:1 - - [12/May/2022:09:00:24 +0700] "GET /LapTrinhWebsite/admin/view HTTP/1.1" 200 26120
0:0:0:0:0:0:0:1 - - [12/May/2022:09:00:24 +0700] "GET /LapTrinhWebsite/admin HTTP/1.1" 200 4593
0:0:0:0:0:0:0:1 - - [12/May/2022:09:00:25 +0700] "GET /LapTrinhWebsite/admin/view HTTP/1.1" 200 26120
0:0:0:0:0:0:0:1 - - [12/May/2022:09:00:25 +0700] "GET /LapTrinhWebsite/admin HTTP/1.1" 200 4593
0:0:0:0:0:0:0:1 - - [12/May/2022:09:01:44 +0700] "GET /LapTrinhWebsite/admin/view HTTP/1.1" 200 26348
0:0:0:0:0:0:0:1 - - [12/May/2022:09:01:45 +0700] "GET /LapTrinhWebsite/admin/view HTTP/1.1" 200 26348
0:0:0:0:0:0:0:1 - - [12/May/2022:09:01:46 +0700] "GET /LapTrinhWebsite/admin/addItem HTTP/1.1" 200 7236
0:0:0:0:0:0:0:1 - - [12/May/2022:09:01:55 +0700] "GET /LapTrinhWebsite/admin/addItem HTTP/1.1" 200 7236
127.0.0.1 - - [12/May/2022:09:01:55 +0700] "GET / HTTP/1.1" 404 751
127.0.0.1 - - [12/May/2022:09:01:55 +0700] "GET /LapTrinhWebsite/admin/bill HTTP/1.1" 200 5693
127.0.0.1 - - [12/May/2022:09:01:56 +0700] "GET /LapTrinhWebsite/admin/bill HTTP/1.1" 200 5693
127.0.0.1 - - [12/May/2022:09:01:56 +0700] "GET /LapTrinhWebsite/admin/bill HTTP/1.1" 200 5693
127.0.0.1 - - [12/May/2022:09:01:56 +0700] "GET /LapTrinhWebsite/admin/bill HTTP/1.1" 200 5693
127.0.0.1 - - [12/May/2022:09:01:57 +0700] "GET /LapTrinhWebsite/admin/bill HTTP/1.1" 200 5693
0:0:0:0:0:0:0:1 - - [12/May/2022:09:02:20 +0700] "GET /LapTrinhWebsite/admin/bill HTTP/1.1" 200 5699
127.0.0.1 - - [12/May/2022:09:03:00 +0700] "GET / HTTP/1.1" 404 751
0:0:0:0:0:0:0:1 - - [12/May/2022:09:03:00 +0700] "GET /LapTrinhWebsite/admin/bill HTTP/1.1" 200 5698
127.0.0.1 - - [12/May/2022:09:03:00 +0700] "GET /LapTrinhWebsite/admin/view HTTP/1.1" 200 8206
0:0:0:0:0:0:0:1 - - [12/May/2022:09:03:00 +0700] "GET /LapTrinhWebsite/admin/view HTTP/1.1" 200 26353
0:0:0:0:0:0:0:1 - - [12/May/2022:09:03:02 +0700] "GET /LapTrinhWebsite/admin/bill HTTP/1.1" 200 5698
0:0:0:0:0:0:0:1 - - [12/May/2022:09:03:02 +0700] "GET /LapTrinhWebsite/admin/view HTTP/1.1" 200 26353
0:0:0:0:0:0:0:1 - - [12/May/2022:09:03:03 +0700] "GET /LapTrinhWebsite/admin/bill HTTP/1.1" 200 5698
0:0:0:0:0:0:0:1 - - [12/May/2022:09:03:03 +0700] "GET /LapTrinhWebsite/admin/view HTTP/1.1" 200 26353
0:0:0:0:0:0:0:1 - - [12/May/2022:09:03:04 +0700] "GET /LapTrinhWebsite/admin/bill HTTP/1.1" 200 5698
0:0:0:0:0:0:0:1 - - [12/May/2022:09:03:05 +0700] "GET /LapTrinhWebsite/admin/view HTTP/1.1" 200 26353
0:0:0:0:0:0:0:1 - - [12/May/2022:09:03:06 +0700] "GET /LapTrinhWebsite/admin/bill HTTP/1.1" 200 5698
0:0:0:0:0:0:0:1 - - [12/May/2022:09:03:07 +0700] "GET /LapTrinhWebsite/admin/view HTTP/1.1" 200 26353
0:0:0:0:0:0:0:1 - - [12/May/2022:09:03:07 +0700] "GET /LapTrinhWebsite/admin/bill HTTP/1.1" 200 5698
127.0.0.1 - - [12/May/2022:09:05:20 +0700] "GET / HTTP/1.1" 404 751
127.0.0.1 - - [12/May/2022:09:05:29 +0700] "GET / HTTP/1.1" 404 751
0:0:0:0:0:0:0:1 - - [12/May/2022:09:05:29 +0700] "GET /LapTrinhWebsite/admin/bill HTTP/1.1" 200 5695
0:0:0:0:0:0:0:1 - - [12/May/2022:09:05:30 +0700] "GET /LapTrinhWebsite/admin/bill HTTP/1.1" 200 5695
127.0.0.1 - - [12/May/2022:09:06:31 +0700] "GET / HTTP/1.1" 404 751
127.0.0.1 - - [12/May/2022:09:07:03 +0700] "GET / HTTP/1.1" 404 751
0:0:0:0:0:0:0:1 - - [12/May/2022:09:07:03 +0700] "GET /LapTrinhWebsite/admin/bill HTTP/1.1" 200 5695
127.0.0.1 - - [12/May/2022:09:14:53 +0700] "GET / HTTP/1.1" 404 751
0:0:0:0:0:0:0:1 - - [12/May/2022:09:14:55 +0700] "GET /LapTrinhWebsite/admin/bill HTTP/1.1" 200 5695
0:0:0:0:0:0:0:1 - - [12/May/2022:09:15:19 +0700] "GET /LapTrinhWebsite/admin/bill HTTP/1.1" 200 6112
127.0.0.1 - - [12/May/2022:09:15:20 +0700] "GET / HTTP/1.1" 404 751
0:0:0:0:0:0:0:1 - - [12/May/2022:09:15:23 +0700] "GET /LapTrinhWebsite/admin/bill HTTP/1.1" 200 6112
127.0.0.1 - - [12/May/2022:09:15:55 +0700] "GET / HTTP/1.1" 404 751
127.0.0.1 - - [12/May/2022:09:15:55 +0700] "GET /LapTrinhWebsite/admin/bill HTTP/1.1" 200 6227
0:0:0:0:0:0:0:1 - - [12/May/2022:09:16:35 +0700] "GET /LapTrinhWebsite/admin/bill HTTP/1.1" 200 6227
0:0:0:0:0:0:0:1 - - [12/May/2022:09:17:05 +0700] "GET /LapTrinhWebsite/admin/bill HTTP/1.1" 200 6227
0:0:0:0:0:0:0:1 - - [12/May/2022:09:17:06 +0700] "GET /LapTrinhWebsite/admin/bill HTTP/1.1" 200 6227
0:0:0:0:0:0:0:1 - - [12/May/2022:09:17:19 +0700] "GET /LapTrinhWebsite/admin/bill HTTP/1.1" 200 6227
0:0:0:0:0:0:0:1 - - [12/May/2022:09:17:20 +0700] "GET /LapTrinhWebsite/admin/view HTTP/1.1" 200 25299
0:0:0:0:0:0:0:1 - - [12/May/2022:09:17:37 +0700] "GET /LapTrinhWebsite/chi-tiet-san-pham?id=43 HTTP/1.1" 200 10010
0:0:0:0:0:0:0:1 - - [12/May/2022:09:17:37 +0700] "GET /LapTrinhWebsite/upload/43_thump_20220512_074453.jpg HTTP/1.1" 304 -
0:0:0:0:0:0:0:1 - - [12/May/2022:09:17:37 +0700] "GET /LapTrinhWebsite/upload/43_image_2_20220512_074453.jpg HTTP/1.1" 304 -
0:0:0:0:0:0:0:1 - - [12/May/2022:09:17:37 +0700] "GET /LapTrinhWebsite/upload/43_image_0_20220512_074453.jpg HTTP/1.1" 304 -
0:0:0:0:0:0:0:1 - - [12/May/2022:09:17:37 +0700] "GET /LapTrinhWebsite/upload/43_image_1_20220512_074453.jpg HTTP/1.1" 304 -
0:0:0:0:0:0:0:1 - - [12/May/2022:09:17:40 +0700] "GET /LapTrinhWebsite/admin/view HTTP/1.1" 200 25299
0:0:0:0:0:0:0:1 - - [12/May/2022:09:17:40 +0700] "GET /LapTrinhWebsite/admin/view HTTP/1.1" 200 25299
0:0:0:0:0:0:0:1 - - [12/May/2022:09:17:40 +0700] "GET /LapTrinhWebsite/admin/view HTTP/1.1" 200 25299
0:0:0:0:0:0:0:1 - - [12/May/2022:09:17:40 +0700] "GET /LapTrinhWebsite/admin/view HTTP/1.1" 200 25299
0:0:0:0:0:0:0:1 - - [12/May/2022:09:17:40 +0700] "GET /LapTrinhWebsite/admin/view HTTP/1.1" 200 25299
0:0:0:0:0:0:0:1 - - [12/May/2022:09:17:40 +0700] "GET /LapTrinhWebsite/admin/view HTTP/1.1" 200 25299
0:0:0:0:0:0:0:1 - - [12/May/2022:09:17:47 +0700] "GET /LapTrinhWebsite/admin/bill HTTP/1.1" 200 6227
0:0:0:0:0:0:0:1 - - [12/May/2022:09:18:35 +0700] "GET /LapTrinhWebsite/admin/view HTTP/1.1" 200 25299
0:0:0:0:0:0:0:1 - - [12/May/2022:09:18:42 +0700] "GET /LapTrinhWebsite/admin/bill HTTP/1.1" 200 6227
0:0:0:0:0:0:0:1 - - [12/May/2022:09:18:43 +0700] "GET /LapTrinhWebsite/admin/view HTTP/1.1" 200 25299
0:0:0:0:0:0:0:1 - - [12/May/2022:09:18:43 +0700] "GET /LapTrinhWebsite/admin/bill HTTP/1.1" 200 6227
0:0:0:0:0:0:0:1 - - [12/May/2022:09:18:43 +0700] "GET /LapTrinhWebsite/admin/view HTTP/1.1" 200 25299
0:0:0:0:0:0:0:1 - - [12/May/2022:09:18:44 +0700] "GET /LapTrinhWebsite/admin/bill HTTP/1.1" 200 6227
127.0.0.1 - - [12/May/2022:09:19:39 +0700] "GET / HTTP/1.1" 404 751
0:0:0:0:0:0:0:1 - - [12/May/2022:09:19:39 +0700] "GET /LapTrinhWebsite/admin/bill HTTP/1.1" 200 6572
0:0:0:0:0:0:0:1 - - [12/May/2022:09:19:42 +0700] "GET /LapTrinhWebsite/admin/bill HTTP/1.1" 200 6572
0:0:0:0:0:0:0:1 - - [12/May/2022:09:19:42 +0700] "GET /LapTrinhWebsite/admin/bill HTTP/1.1" 200 6572
0:0:0:0:0:0:0:1 - - [12/May/2022:09:19:43 +0700] "GET /LapTrinhWebsite/admin/bill HTTP/1.1" 200 6572
0:0:0:0:0:0:0:1 - - [12/May/2022:09:19:44 +0700] "GET /LapTrinhWebsite/billDetail?id= HTTP/1.1" 404 703
127.0.0.1 - - [12/May/2022:09:19:56 +0700] "GET / HTTP/1.1" 404 751
0:0:0:0:0:0:0:1 - - [12/May/2022:09:19:56 +0700] "GET /LapTrinhWebsite/admin/bill HTTP/1.1" 200 6575
0:0:0:0:0:0:0:1 - - [12/May/2022:09:19:56 +0700] "GET /LapTrinhWebsite/admin/bill HTTP/1.1" 200 6575
0:0:0:0:0:0:0:1 - - [12/May/2022:09:19:56 +0700] "GET /LapTrinhWebsite/admin/bill HTTP/1.1" 200 6575
0:0:0:0:0:0:0:1 - - [12/May/2022:09:20:06 +0700] "GET /LapTrinhWebsite/billDetail?id=6 HTTP/1.1" 404 703
127.0.0.1 - - [12/May/2022:09:20:51 +0700] "GET / HTTP/1.1" 404 751
127.0.0.1 - - [12/May/2022:09:23:41 +0700] "GET / HTTP/1.1" 404 751
0:0:0:0:0:0:0:1 - - [12/May/2022:09:23:43 +0700] "GET /LapTrinhWebsite/admin/bill HTTP/1.1" 200 6575
0:0:0:0:0:0:0:1 - - [12/May/2022:09:23:44 +0700] "GET /LapTrinhWebsite/billDetail?id=6 HTTP/1.1" 404 703
0:0:0:0:0:0:0:1 - - [12/May/2022:09:24:30 +0700] "GET /LapTrinhWebsite/billDetail?id=6 HTTP/1.1" 404 703
0:0:0:0:0:0:0:1 - - [12/May/2022:09:24:30 +0700] "GET /LapTrinhWebsite/billDetail?id=6 HTTP/1.1" 404 703
127.0.0.1 - - [12/May/2022:09:24:31 +0700] "GET / HTTP/1.1" 404 751
0:0:0:0:0:0:0:1 - - [12/May/2022:09:24:31 +0700] "GET /LapTrinhWebsite/billDetail?id=6 HTTP/1.1" 404 703
0:0:0:0:0:0:0:1 - - [12/May/2022:09:24:32 +0700] "GET /LapTrinhWebsite/billDetail?id=6 HTTP/1.1" 404 703
0:0:0:0:0:0:0:1 - - [12/May/2022:09:24:33 +0700] "GET /LapTrinhWebsite/billDetail?id=6 HTTP/1.1" 404 703
0:0:0:0:0:0:0:1 - - [12/May/2022:09:24:33 +0700] "GET /LapTrinhWebsite/billDetail?id=6 HTTP/1.1" 404 703
0:0:0:0:0:0:0:1 - - [12/May/2022:09:24:33 +0700] "GET /LapTrinhWebsite/billDetail?id=6 HTTP/1.1" 404 703
0:0:0:0:0:0:0:1 - - [12/May/2022:09:24:52 +0700] "GET /LapTrinhWebsite/billDetail?id=6 HTTP/1.1" 404 703
127.0.0.1 - - [12/May/2022:09:24:53 +0700] "GET / HTTP/1.1" 404 751
0:0:0:0:0:0:0:1 - - [12/May/2022:09:24:53 +0700] "GET /LapTrinhWebsite/billDetail?id=6 HTTP/1.1" 404 703
0:0:0:0:0:0:0:1 - - [12/May/2022:09:24:54 +0700] "GET /LapTrinhWebsite/billDetail?id=6 HTTP/1.1" 404 703
0:0:0:0:0:0:0:1 - - [12/May/2022:09:24:54 +0700] "GET /LapTrinhWebsite/billDetail?id=6 HTTP/1.1" 404 703
0:0:0:0:0:0:0:1 - - [12/May/2022:09:24:54 +0700] "GET /LapTrinhWebsite/billDetail?id=6 HTTP/1.1" 404 703
0:0:0:0:0:0:0:1 - - [12/May/2022:09:24:57 +0700] "GET /LapTrinhWebsite/admin/bill HTTP/1.1" 200 6563
0:0:0:0:0:0:0:1 - - [12/May/2022:09:24:59 +0700] "GET /LapTrinhWebsite/admin/billDetail?id=6 HTTP/1.1" 200 5229
127.0.0.1 - - [12/May/2022:09:26:18 +0700] "GET / HTTP/1.1" 404 751
0:0:0:0:0:0:0:1 - - [12/May/2022:09:26:18 +0700] "GET /LapTrinhWebsite/admin/billDetail?id=6 HTTP/1.1" 200 5628
127.0.0.1 - - [12/May/2022:09:26:33 +0700] "GET / HTTP/1.1" 404 751
0:0:0:0:0:0:0:1 - - [12/May/2022:09:26:34 +0700] "GET /LapTrinhWebsite/admin/billDetail?id=6 HTTP/1.1" 200 5629
127.0.0.1 - - [12/May/2022:09:26:48 +0700] "GET / HTTP/1.1" 404 751
0:0:0:0:0:0:0:1 - - [12/May/2022:09:26:48 +0700] "GET /LapTrinhWebsite/admin/billDetail?id=6 HTTP/1.1" 200 5653
0:0:0:0:0:0:0:1 - - [12/May/2022:09:26:50 +0700] "GET /LapTrinhWebsite/admin/billDetail?id=6 HTTP/1.1" 200 5653
127.0.0.1 - - [12/May/2022:09:26:58 +0700] "GET / HTTP/1.1" 404 751
0:0:0:0:0:0:0:1 - - [12/May/2022:09:26:58 +0700] "GET /LapTrinhWebsite/admin/billDetail?id=6 HTTP/1.1" 200 5654
127.0.0.1 - - [12/May/2022:09:27:08 +0700] "GET / HTTP/1.1" 404 751
0:0:0:0:0:0:0:1 - - [12/May/2022:09:27:08 +0700] "GET /LapTrinhWebsite/admin/billDetail?id=6 HTTP/1.1" 200 5729
127.0.0.1 - - [12/May/2022:09:27:21 +0700] "GET / HTTP/1.1" 404 751
0:0:0:0:0:0:0:1 - - [12/May/2022:09:27:21 +0700] "GET /LapTrinhWebsite/admin/billDetail?id=6 HTTP/1.1" 200 5764
127.0.0.1 - - [12/May/2022:09:27:28 +0700] "GET / HTTP/1.1" 404 751
127.0.0.1 - - [12/May/2022:09:27:28 +0700] "GET /LapTrinhWebsite/admin/billDetail?id=6 HTTP/1.1" 200 5731
127.0.0.1 - - [12/May/2022:09:27:35 +0700] "GET / HTTP/1.1" 404 751
0:0:0:0:0:0:0:1 - - [12/May/2022:09:27:35 +0700] "GET /LapTrinhWebsite/admin/billDetail?id=6 HTTP/1.1" 200 5732
0:0:0:0:0:0:0:1 - - [12/May/2022:09:27:36 +0700] "GET /LapTrinhWebsite/admin/bill HTTP/1.1" 200 6563
0:0:0:0:0:0:0:1 - - [12/May/2022:09:27:37 +0700] "GET /LapTrinhWebsite/admin/billDetail?id=5 HTTP/1.1" 200 5732
0:0:0:0:0:0:0:1 - - [12/May/2022:09:27:59 +0700] "GET /LapTrinhWebsite/danh-sach-san-pham?type=shoes HTTP/1.1" 200 23787
0:0:0:0:0:0:0:1 - - [12/May/2022:09:28:00 +0700] "GET /LapTrinhWebsite/chi-tiet-san-pham?id=3 HTTP/1.1" 200 10124
0:0:0:0:0:0:0:1 - - [12/May/2022:09:28:13 +0700] "GET /LapTrinhWebsite/thong-tin-ca-nhan HTTP/1.1" 200 4277
0:0:0:0:0:0:0:1 - - [12/May/2022:09:28:14 +0700] "GET /LapTrinhWebsite/gio-hang HTTP/1.1" 200 4326
0:0:0:0:0:0:0:1 - - [12/May/2022:09:28:50 +0700] "GET /LapTrinhWebsite/gio-hang HTTP/1.1" 200 4326
127.0.0.1 - - [12/May/2022:09:28:50 +0700] "GET / HTTP/1.1" 404 751
127.0.0.1 - - [12/May/2022:09:30:43 +0700] "GET / HTTP/1.1" 404 751
0:0:0:0:0:0:0:1 - - [12/May/2022:09:30:43 +0700] "GET /LapTrinhWebsite/admin/billDetail?id=5 HTTP/1.1" 200 10282
0:0:0:0:0:0:0:1 - - [12/May/2022:09:30:51 +0700] "GET /LapTrinhWebsite/admin/chi-tiet-san-pham?id=13 HTTP/1.1" 404 720
127.0.0.1 - - [12/May/2022:09:31:15 +0700] "GET / HTTP/1.1" 404 751
0:0:0:0:0:0:0:1 - - [12/May/2022:09:31:15 +0700] "GET /LapTrinhWebsite/admin/billDetail?id=5 HTTP/1.1" 200 10318
127.0.0.1 - - [12/May/2022:09:31:42 +0700] "GET / HTTP/1.1" 404 751
0:0:0:0:0:0:0:1 - - [12/May/2022:09:31:43 +0700] "GET /LapTrinhWebsite/admin/billDetail?id=5 HTTP/1.1" 200 10343
127.0.0.1 - - [12/May/2022:09:32:02 +0700] "GET / HTTP/1.1" 404 751
127.0.0.1 - - [12/May/2022:09:32:14 +0700] "GET / HTTP/1.1" 404 751
0:0:0:0:0:0:0:1 - - [12/May/2022:09:32:14 +0700] "GET /LapTrinhWebsite/admin/billDetail?id=5 HTTP/1.1" 200 10385
127.0.0.1 - - [12/May/2022:09:32:33 +0700] "GET / HTTP/1.1" 404 751
0:0:0:0:0:0:0:1 - - [12/May/2022:09:32:33 +0700] "GET /LapTrinhWebsite/admin/billDetail?id=5 HTTP/1.1" 200 10377
127.0.0.1 - - [12/May/2022:09:32:46 +0700] "GET / HTTP/1.1" 404 751
0:0:0:0:0:0:0:1 - - [12/May/2022:09:32:49 +0700] "GET /LapTrinhWebsite/admin/billDetail?id=5 HTTP/1.1" 200 9977
127.0.0.1 - - [12/May/2022:09:33:17 +0700] "GET / HTTP/1.1" 404 751
127.0.0.1 - - [12/May/2022:09:33:17 +0700] "GET /LapTrinhWebsite/admin/billDetail?id=5 HTTP/1.1" 200 9977
127.0.0.1 - - [12/May/2022:09:33:18 +0700] "GET /LapTrinhWebsite/admin/chi-tiet-san-pham?id=13 HTTP/1.1" 404 720
127.0.0.1 - - [12/May/2022:09:33:19 +0700] "GET /LapTrinhWebsite/admin/billDetail?id=5 HTTP/1.1" 200 9977
127.0.0.1 - - [12/May/2022:09:33:20 +0700] "GET /LapTrinhWebsite/admin/chi-tiet-san-pham?id=13 HTTP/1.1" 404 720
127.0.0.1 - - [12/May/2022:09:33:29 +0700] "GET / HTTP/1.1" 404 751
0:0:0:0:0:0:0:1 - - [12/May/2022:09:33:29 +0700] "GET /LapTrinhWebsite/admin/billDetail?id=5 HTTP/1.1" 200 10045
0:0:0:0:0:0:0:1 - - [12/May/2022:09:33:30 +0700] "GET /LapTrinhWebsite/chi-tiet-san-pham?id=13 HTTP/1.1" 200 10200
127.0.0.1 - - [12/May/2022:09:33:42 +0700] "GET / HTTP/1.1" 404 751
127.0.0.1 - - [12/May/2022:09:33:42 +0700] "GET /LapTrinhWebsite/admin/billDetail?id=5 HTTP/1.1" 200 10109
0:0:0:0:0:0:0:1 - - [12/May/2022:09:33:49 +0700] "GET /LapTrinhWebsite/admin/billDetail?id=5 HTTP/1.1" 200 10109
127.0.0.1 - - [12/May/2022:09:33:50 +0700] "GET / HTTP/1.1" 404 751
0:0:0:0:0:0:0:1 - - [12/May/2022:09:34:03 +0700] "GET /LapTrinhWebsite/chi-tiet-san-pham?id=13 HTTP/1.1" 200 10199
0:0:0:0:0:0:0:1 - - [12/May/2022:09:34:04 +0700] "GET /LapTrinhWebsite/admin/billDetail?id=5 HTTP/1.1" 200 10109
127.0.0.1 - - [12/May/2022:09:35:02 +0700] "GET / HTTP/1.1" 404 751
0:0:0:0:0:0:0:1 - - [12/May/2022:09:35:03 +0700] "GET /LapTrinhWebsite/admin/billDetail?id=5 HTTP/1.1" 200 9728
127.0.0.1 - - [12/May/2022:09:36:24 +0700] "GET / HTTP/1.1" 404 751
0:0:0:0:0:0:0:1 - - [12/May/2022:09:36:25 +0700] "GET /LapTrinhWebsite/admin/billDetail?id=5 HTTP/1.1" 200 9730
0:0:0:0:0:0:0:1 - - [12/May/2022:09:36:33 +0700] "GET /LapTrinhWebsite/home/vendor/bootstrap/js/bootstrap.bundle.min.js.map HTTP/1.1" 200 316503
0:0:0:0:0:0:0:1 - - [12/May/2022:09:36:33 +0700] "GET /LapTrinhWebsite/home/vendor/bootstrap/css/bootstrap.min.css.map HTTP/1.1" 200 651359
127.0.0.1 - - [12/May/2022:09:36:46 +0700] "GET / HTTP/1.1" 404 751
0:0:0:0:0:0:0:1 - - [12/May/2022:09:36:47 +0700] "GET /LapTrinhWebsite/admin/billDetail?id=5 HTTP/1.1" 200 9732
127.0.0.1 - - [12/May/2022:09:38:43 +0700] "GET / HTTP/1.1" 404 751
0:0:0:0:0:0:0:1 - - [12/May/2022:09:38:44 +0700] "GET /LapTrinhWebsite/admin/billDetail?id=5 HTTP/1.1" 200 9922
127.0.0.1 - - [12/May/2022:09:39:27 +0700] "GET / HTTP/1.1" 404 751
127.0.0.1 - - [12/May/2022:09:39:40 +0700] "GET / HTTP/1.1" 404 751
127.0.0.1 - - [12/May/2022:09:40:35 +0700] "GET / HTTP/1.1" 404 751
0:0:0:0:0:0:0:1 - - [12/May/2022:09:40:35 +0700] "GET /LapTrinhWebsite/admin/billDetail?id=5 HTTP/1.1" 200 10099
127.0.0.1 - - [12/May/2022:09:40:44 +0700] "GET / HTTP/1.1" 404 751
0:0:0:0:0:0:0:1 - - [12/May/2022:09:40:45 +0700] "GET /LapTrinhWebsite/admin/billDetail?id=5 HTTP/1.1" 200 10099
0:0:0:0:0:0:0:1 - - [12/May/2022:09:40:52 +0700] "GET /LapTrinhWebsite/admin/bill HTTP/1.1" 200 6563
0:0:0:0:0:0:0:1 - - [12/May/2022:09:40:57 +0700] "GET /LapTrinhWebsite/admin/billDetail?id=5 HTTP/1.1" 200 10099
0:0:0:0:0:0:0:1 - - [12/May/2022:09:41:02 +0700] "GET /LapTrinhWebsite/admin/bill HTTP/1.1" 200 6563
0:0:0:0:0:0:0:1 - - [12/May/2022:09:41:06 +0700] "GET /LapTrinhWebsite/admin/view HTTP/1.1" 200 25299
0:0:0:0:0:0:0:1 - - [12/May/2022:09:41:08 +0700] "GET /LapTrinhWebsite/admin/addQuantity?id=43 HTTP/1.1" 200 7434
0:0:0:0:0:0:0:1 - - [12/May/2022:09:41:08 +0700] "GET /LapTrinhWebsite/upload/43_thump_20220512_074453.jpg HTTP/1.1" 304 -
0:0:0:0:0:0:0:1 - - [12/May/2022:09:41:10 +0700] "GET /LapTrinhWebsite/chi-tiet-san-kham?id=43 HTTP/1.1" 404 710
0:0:0:0:0:0:0:1 - - [12/May/2022:09:41:15 +0700] "GET /LapTrinhWebsite/chi-tiet-san-pham?id=29 HTTP/1.1" 200 10170
0:0:0:0:0:0:0:1 - - [12/May/2022:09:41:18 +0700] "GET /LapTrinhWebsite/chi-tiet-san-pham?id=29 HTTP/1.1" 200 10170
0:0:0:0:0:0:0:1 - - [12/May/2022:09:41:20 +0700] "GET /LapTrinhWebsite/chi-tiet-san-pham?id=29 HTTP/1.1" 200 10170
0:0:0:0:0:0:0:1 - - [12/May/2022:09:41:22 +0700] "GET /LapTrinhWebsite/admin/editItem?id=29 HTTP/1.1" 200 8526
0:0:0:0:0:0:0:1 - - [12/May/2022:09:41:24 +0700] "POST /LapTrinhWebsite/admin/editItem HTTP/1.1" 200 2
0:0:0:0:0:0:0:1 - - [12/May/2022:09:41:24 +0700] "GET /LapTrinhWebsite/admin/view HTTP/1.1" 200 25407
0:0:0:0:0:0:0:1 - - [12/May/2022:09:41:46 +0700] "GET /LapTrinhWebsite/admin/editItem?id=28 HTTP/1.1" 200 8526
0:0:0:0:0:0:0:1 - - [12/May/2022:09:41:47 +0700] "POST /LapTrinhWebsite/admin/editItem HTTP/1.1" 200 2
0:0:0:0:0:0:0:1 - - [12/May/2022:09:41:47 +0700] "GET /LapTrinhWebsite/admin/view HTTP/1.1" 200 24817
0:0:0:0:0:0:0:1 - - [12/May/2022:09:41:51 +0700] "GET /LapTrinhWebsite/admin/bill HTTP/1.1" 200 6563
0:0:0:0:0:0:0:1 - - [12/May/2022:09:41:55 +0700] "GET /LapTrinhWebsite/admin/bill HTTP/1.1" 200 6563
0:0:0:0:0:0:0:1 - - [12/May/2022:09:41:55 +0700] "GET /LapTrinhWebsite/admin/view HTTP/1.1" 200 24715
0:0:0:0:0:0:0:1 - - [12/May/2022:09:41:56 +0700] "GET /LapTrinhWebsite/admin/addItem HTTP/1.1" 200 7236
0:0:0:0:0:0:0:1 - - [12/May/2022:09:41:57 +0700] "GET /LapTrinhWebsite/admin/bill HTTP/1.1" 200 6563
127.0.0.1 - - [12/May/2022:09:43:09 +0700] "GET / HTTP/1.1" 404 751
0:0:0:0:0:0:0:1 - - [12/May/2022:09:43:09 +0700] "GET /LapTrinhWebsite/admin/bill HTTP/1.1" 200 6835
127.0.0.1 - - [12/May/2022:09:43:22 +0700] "GET / HTTP/1.1" 404 751
0:0:0:0:0:0:0:1 - - [12/May/2022:09:43:22 +0700] "GET /LapTrinhWebsite/admin/bill HTTP/1.1" 200 6808
0:0:0:0:0:0:0:1 - - [12/May/2022:09:43:23 +0700] "GET /LapTrinhWebsite/admin/bill HTTP/1.1" 200 6808
127.0.0.1 - - [12/May/2022:09:43:40 +0700] "GET / HTTP/1.1" 404 751
127.0.0.1 - - [12/May/2022:09:43:40 +0700] "GET /LapTrinhWebsite/admin/bill HTTP/1.1" 200 6807
127.0.0.1 - - [12/May/2022:09:43:49 +0700] "GET / HTTP/1.1" 404 751
0:0:0:0:0:0:0:1 - - [12/May/2022:09:43:49 +0700] "GET /LapTrinhWebsite/admin/bill HTTP/1.1" 200 6808
0:0:0:0:0:0:0:1 - - [12/May/2022:09:43:53 +0700] "GET /LapTrinhWebsite/admin/bill HTTP/1.1" 200 6808
0:0:0:0:0:0:0:1 - - [12/May/2022:09:43:53 +0700] "GET /LapTrinhWebsite/admin/view HTTP/1.1" 200 24715
0:0:0:0:0:0:0:1 - - [12/May/2022:09:43:54 +0700] "GET /LapTrinhWebsite/admin/addItem HTTP/1.1" 200 7236
0:0:0:0:0:0:0:1 - - [12/May/2022:09:43:55 +0700] "GET /LapTrinhWebsite/admin/view HTTP/1.1" 200 24715
0:0:0:0:0:0:0:1 - - [12/May/2022:09:43:57 +0700] "GET /LapTrinhWebsite/admin/bill HTTP/1.1" 200 6808
0:0:0:0:0:0:0:1 - - [12/May/2022:09:44:04 +0700] "GET /LapTrinhWebsite/admin/bill HTTP/1.1" 200 6808
0:0:0:0:0:0:0:1 - - [12/May/2022:09:44:05 +0700] "GET /LapTrinhWebsite/admin/view HTTP/1.1" 200 24715
0:0:0:0:0:0:0:1 - - [12/May/2022:09:44:06 +0700] "GET /LapTrinhWebsite/admin/addItem HTTP/1.1" 200 7236
0:0:0:0:0:0:0:1 - - [12/May/2022:09:44:06 +0700] "GET /LapTrinhWebsite/admin/bill HTTP/1.1" 200 6808
0:0:0:0:0:0:0:1 - - [12/May/2022:09:44:07 +0700] "GET /LapTrinhWebsite/admin/view HTTP/1.1" 200 24715
0:0:0:0:0:0:0:1 - - [12/May/2022:09:44:07 +0700] "GET /LapTrinhWebsite/admin/bill HTTP/1.1" 200 6808
0:0:0:0:0:0:0:1 - - [12/May/2022:09:44:08 +0700] "GET /LapTrinhWebsite/admin/view HTTP/1.1" 200 24715
0:0:0:0:0:0:0:1 - - [12/May/2022:09:44:09 +0700] "GET /LapTrinhWebsite/admin/bill HTTP/1.1" 200 6808
127.0.0.1 - - [12/May/2022:09:44:30 +0700] "GET / HTTP/1.1" 404 751
0:0:0:0:0:0:0:1 - - [12/May/2022:09:44:30 +0700] "GET /LapTrinhWebsite/admin/bill HTTP/1.1" 200 6811
0:0:0:0:0:0:0:1 - - [12/May/2022:09:44:41 +0700] "GET /LapTrinhWebsite/admin/view HTTP/1.1" 200 24715
127.0.0.1 - - [12/May/2022:09:44:51 +0700] "GET / HTTP/1.1" 404 751
0:0:0:0:0:0:0:1 - - [12/May/2022:09:44:52 +0700] "GET /LapTrinhWebsite/admin/view HTTP/1.1" 200 24715
0:0:0:0:0:0:0:1 - - [12/May/2022:09:44:53 +0700] "GET /LapTrinhWebsite/admin/bill HTTP/1.1" 200 6808
0:0:0:0:0:0:0:1 - - [12/May/2022:09:44:53 +0700] "GET /LapTrinhWebsite/admin/view HTTP/1.1" 200 24715
0:0:0:0:0:0:0:1 - - [12/May/2022:09:44:55 +0700] "GET /LapTrinhWebsite/admin/bill HTTP/1.1" 200 6808
0:0:0:0:0:0:0:1 - - [12/May/2022:09:44:56 +0700] "GET /LapTrinhWebsite/admin HTTP/1.1" 200 4821
0:0:0:0:0:0:0:1 - - [12/May/2022:09:44:58 +0700] "GET /LapTrinhWebsite HTTP/1.1" 302 -
0:0:0:0:0:0:0:1 - - [12/May/2022:09:44:58 +0700] "GET /LapTrinhWebsite/ HTTP/1.1" 200 20028
0:0:0:0:0:0:0:1 - - [12/May/2022:09:45:01 +0700] "GET /LapTrinhWebsite/danh-sach-san-pham?type=shoes HTTP/1.1" 200 22877
0:0:0:0:0:0:0:1 - - [12/May/2022:09:45:04 +0700] "GET /LapTrinhWebsite/danh-sach-san-pham?type=sandal HTTP/1.1" 200 10759
0:0:0:0:0:0:0:1 - - [12/May/2022:09:45:04 +0700] "GET /LapTrinhWebsite/thong-tin-ca-nhan HTTP/1.1" 200 4277
0:0:0:0:0:0:0:1 - - [12/May/2022:09:45:04 +0700] "GET /LapTrinhWebsite/gio-hang HTTP/1.1" 200 4326
0:0:0:0:0:0:0:1 - - [12/May/2022:09:45:05 +0700] "GET /LapTrinhWebsite/thong-tin-ca-nhan HTTP/1.1" 200 4277
0:0:0:0:0:0:0:1 - - [12/May/2022:09:45:17 +0700] "GET /LapTrinhWebsite/admin/bill HTTP/1.1" 200 6808
0:0:0:0:0:0:0:1 - - [12/May/2022:09:45:18 +0700] "GET /LapTrinhWebsite/admin/bill HTTP/1.1" 200 6808
0:0:0:0:0:0:0:1 - - [12/May/2022:09:45:19 +0700] "GET /LapTrinhWebsite/admin/billDetail?id=6 HTTP/1.1" 200 10099
127.0.0.1 - - [12/May/2022:09:49:55 +0700] "GET / HTTP/1.1" 404 751
0:0:0:0:0:0:0:1 - - [12/May/2022:09:49:55 +0700] "GET /LapTrinhWebsite/admin/billDetail?id=6 HTTP/1.1" 200 10324
0:0:0:0:0:0:0:1 - - [12/May/2022:09:49:56 +0700] "POST /LapTrinhWebsite/admin/billDetail HTTP/1.1" 200 2
0:0:0:0:0:0:0:1 - - [12/May/2022:09:49:56 +0700] "GET /LapTrinhWebsite/admin/billDetail?id=6 HTTP/1.1" 200 10324
0:0:0:0:0:0:0:1 - - [12/May/2022:09:50:25 +0700] "GET /LapTrinhWebsite/admin/billDetail?id=6 HTTP/1.1" 200 10324
127.0.0.1 - - [12/May/2022:09:50:25 +0700] "GET / HTTP/1.1" 404 751
0:0:0:0:0:0:0:1 - - [12/May/2022:09:50:26 +0700] "POST /LapTrinhWebsite/admin/billDetail HTTP/1.1" 200 2
0:0:0:0:0:0:0:1 - - [12/May/2022:09:50:26 +0700] "GET /LapTrinhWebsite/admin/billDetail?id=6 HTTP/1.1" 200 10315
0:0:0:0:0:0:0:1 - - [12/May/2022:09:50:36 +0700] "GET /LapTrinhWebsite/admin/billDetail?id=6 HTTP/1.1" 200 10315
0:0:0:0:0:0:0:1 - - [12/May/2022:09:50:37 +0700] "GET /LapTrinhWebsite/admin/billDetail?id=6 HTTP/1.1" 200 10315
0:0:0:0:0:0:0:1 - - [12/May/2022:09:50:37 +0700] "GET /LapTrinhWebsite/admin/billDetail?id=6 HTTP/1.1" 200 10315
0:0:0:0:0:0:0:1 - - [12/May/2022:09:50:37 +0700] "GET /LapTrinhWebsite/admin/billDetail?id=6 HTTP/1.1" 200 10315
0:0:0:0:0:0:0:1 - - [12/May/2022:09:50:37 +0700] "GET /LapTrinhWebsite/admin/billDetail?id=6 HTTP/1.1" 200 10315
0:0:0:0:0:0:0:1 - - [12/May/2022:09:50:37 +0700] "GET /LapTrinhWebsite/admin/billDetail?id=6 HTTP/1.1" 200 10315
0:0:0:0:0:0:0:1 - - [12/May/2022:09:50:38 +0700] "GET /LapTrinhWebsite/admin/billDetail?id=6 HTTP/1.1" 200 10315
0:0:0:0:0:0:0:1 - - [12/May/2022:09:50:38 +0700] "GET /LapTrinhWebsite/admin/billDetail?id=6 HTTP/1.1" 200 10315
127.0.0.1 - - [12/May/2022:09:50:43 +0700] "GET / HTTP/1.1" 404 751
0:0:0:0:0:0:0:1 - - [12/May/2022:09:50:44 +0700] "GET /LapTrinhWebsite/admin/billDetail?id=6 HTTP/1.1" 200 10314
0:0:0:0:0:0:0:1 - - [12/May/2022:09:50:45 +0700] "GET /LapTrinhWebsite/admin/bill HTTP/1.1" 200 6444
0:0:0:0:0:0:0:1 - - [12/May/2022:09:50:46 +0700] "GET /LapTrinhWebsite/admin/bill HTTP/1.1" 200 6444
0:0:0:0:0:0:0:1 - - [12/May/2022:09:52:29 +0700] "GET /LapTrinhWebsite/admin/bill HTTP/1.1" 200 6727
127.0.0.1 - - [12/May/2022:09:52:29 +0700] "GET / HTTP/1.1" 404 751
0:0:0:0:0:0:0:1 - - [12/May/2022:09:52:30 +0700] "GET /LapTrinhWebsite/admin/bill HTTP/1.1" 200 6727
127.0.0.1 - - [12/May/2022:09:52:56 +0700] "GET / HTTP/1.1" 404 751
0:0:0:0:0:0:0:1 - - [12/May/2022:09:52:57 +0700] "GET /LapTrinhWebsite/admin/bill HTTP/1.1" 200 6840
0:0:0:0:0:0:0:1 - - [12/May/2022:09:52:57 +0700] "GET /LapTrinhWebsite/admin/bill HTTP/1.1" 200 6840
0:0:0:0:0:0:0:1 - - [12/May/2022:09:52:57 +0700] "GET /LapTrinhWebsite/admin/bill HTTP/1.1" 200 6840
127.0.0.1 - - [12/May/2022:09:53:05 +0700] "GET / HTTP/1.1" 404 751
0:0:0:0:0:0:0:1 - - [12/May/2022:09:53:05 +0700] "GET /LapTrinhWebsite/admin/bill HTTP/1.1" 200 6840
0:0:0:0:0:0:0:1 - - [12/May/2022:09:53:08 +0700] "GET /LapTrinhWebsite/admin/billDetail?id=5 HTTP/1.1" 200 10324
0:0:0:0:0:0:0:1 - - [12/May/2022:09:53:09 +0700] "POST /LapTrinhWebsite/admin/billDetail HTTP/1.1" 200 2
0:0:0:0:0:0:0:1 - - [12/May/2022:09:53:09 +0700] "GET /LapTrinhWebsite/admin/billDetail?id=5 HTTP/1.1" 200 10323
0:0:0:0:0:0:0:1 - - [12/May/2022:09:53:11 +0700] "GET /LapTrinhWebsite/admin/bill HTTP/1.1" 200 6839
0:0:0:0:0:0:0:1 - - [12/May/2022:09:53:14 +0700] "GET /LapTrinhWebsite/admin/bill HTTP/1.1" 200 6839
0:0:0:0:0:0:0:1 - - [12/May/2022:09:53:14 +0700] "GET /LapTrinhWebsite/admin/view HTTP/1.1" 200 24715
0:0:0:0:0:0:0:1 - - [12/May/2022:09:53:15 +0700] "GET /LapTrinhWebsite/admin/bill HTTP/1.1" 200 6839
0:0:0:0:0:0:0:1 - - [12/May/2022:09:53:17 +0700] "GET /LapTrinhWebsite/admin/view HTTP/1.1" 200 24715
0:0:0:0:0:0:0:1 - - [12/May/2022:09:53:18 +0700] "GET /LapTrinhWebsite/admin/bill HTTP/1.1" 200 6839
0:0:0:0:0:0:0:1 - - [12/May/2022:09:53:30 +0700] "GET /LapTrinhWebsite/admin/view HTTP/1.1" 200 24715
0:0:0:0:0:0:0:1 - - [12/May/2022:09:53:31 +0700] "GET /LapTrinhWebsite/admin/bill HTTP/1.1" 200 6839
0:0:0:0:0:0:0:1 - - [12/May/2022:09:53:36 +0700] "GET /LapTrinhWebsite/admin/view HTTP/1.1" 200 24715
0:0:0:0:0:0:0:1 - - [12/May/2022:09:53:43 +0700] "GET /LapTrinhWebsite/admin/view HTTP/1.1" 200 24715
127.0.0.1 - - [12/May/2022:09:55:47 +0700] "GET / HTTP/1.1" 404 751
0:0:0:0:0:0:0:1 - - [12/May/2022:09:55:47 +0700] "GET /LapTrinhWebsite/admin/view HTTP/1.1" 200 25563
127.0.0.1 - - [12/May/2022:09:56:03 +0700] "GET / HTTP/1.1" 404 751
0:0:0:0:0:0:0:1 - - [12/May/2022:09:56:03 +0700] "GET /LapTrinhWebsite/admin/view HTTP/1.1" 200 25619
127.0.0.1 - - [12/May/2022:09:56:18 +0700] "GET / HTTP/1.1" 404 751
0:0:0:0:0:0:0:1 - - [12/May/2022:09:56:18 +0700] "GET /LapTrinhWebsite/admin/view HTTP/1.1" 200 25653
0:0:0:0:0:0:0:1 - - [12/May/2022:09:56:23 +0700] "GET /LapTrinhWebsite/admin/bill HTTP/1.1" 200 6839
0:0:0:0:0:0:0:1 - - [12/May/2022:09:56:24 +0700] "GET /LapTrinhWebsite/admin/view HTTP/1.1" 200 25653
0:0:0:0:0:0:0:1 - - [12/May/2022:09:56:24 +0700] "GET /LapTrinhWebsite/admin/addItem HTTP/1.1" 200 7236
0:0:0:0:0:0:0:1 - - [12/May/2022:09:56:25 +0700] "GET /LapTrinhWebsite/admin/view HTTP/1.1" 200 25653
0:0:0:0:0:0:0:1 - - [12/May/2022:09:56:25 +0700] "GET /LapTrinhWebsite/admin/bill HTTP/1.1" 200 6839
0:0:0:0:0:0:0:1 - - [12/May/2022:09:56:26 +0700] "GET /LapTrinhWebsite/admin/view HTTP/1.1" 200 25653
0:0:0:0:0:0:0:1 - - [12/May/2022:09:56:35 +0700] "GET /LapTrinhWebsite HTTP/1.1" 302 -
0:0:0:0:0:0:0:1 - - [12/May/2022:09:56:35 +0700] "GET /LapTrinhWebsite/ HTTP/1.1" 200 20028
0:0:0:0:0:0:0:1 - - [12/May/2022:09:56:38 +0700] "GET /LapTrinhWebsite/danh-sach-san-pham?type=shoes HTTP/1.1" 200 22877
0:0:0:0:0:0:0:1 - - [12/May/2022:09:56:38 +0700] "GET /LapTrinhWebsite/danh-sach-san-pham?type=sandal HTTP/1.1" 200 10759
0:0:0:0:0:0:0:1 - - [12/May/2022:09:56:39 +0700] "GET /LapTrinhWebsite/danh-sach-san-pham?type=shoes HTTP/1.1" 200 22877
0:0:0:0:0:0:0:1 - - [12/May/2022:09:56:39 +0700] "GET /LapTrinhWebsite/trang-chu HTTP/1.1" 200 20028
0:0:0:0:0:0:0:1 - - [12/May/2022:09:56:46 +0700] "GET /LapTrinhWebsite/admin/view HTTP/1.1" 200 25653
0:0:0:0:0:0:0:1 - - [12/May/2022:09:56:46 +0700] "GET /LapTrinhWebsite/admin/view HTTP/1.1" 200 25653
0:0:0:0:0:0:0:1 - - [12/May/2022:09:56:51 +0700] "GET /LapTrinhWebsite/admin/addItem HTTP/1.1" 200 7236
0:0:0:0:0:0:0:1 - - [12/May/2022:09:56:52 +0700] "GET /LapTrinhWebsite/admin/view HTTP/1.1" 200 25653
127.0.0.1 - - [12/May/2022:10:06:42 +0700] "GET / HTTP/1.1" 404 751
0:0:0:0:0:0:0:1 - - [12/May/2022:10:06:43 +0700] "GET /LapTrinhWebsite/admin/view HTTP/1.1" 200 25706
127.0.0.1 - - [12/May/2022:10:07:24 +0700] "GET / HTTP/1.1" 404 751
0:0:0:0:0:0:0:1 - - [12/May/2022:10:07:24 +0700] "GET /LapTrinhWebsite/admin/view HTTP/1.1" 200 25802
0:0:0:0:0:0:0:1 - - [12/May/2022:10:07:31 +0700] "GET /LapTrinhWebsite/home/vendor/bootstrap/js/bootstrap.bundle.min.js.map HTTP/1.1" 200 316503
0:0:0:0:0:0:0:1 - - [12/May/2022:10:07:31 +0700] "GET /LapTrinhWebsite/home/vendor/bootstrap/css/bootstrap.min.css.map HTTP/1.1" 200 651359
127.0.0.1 - - [12/May/2022:10:07:50 +0700] "GET / HTTP/1.1" 404 751
127.0.0.1 - - [12/May/2022:10:07:50 +0700] "GET /LapTrinhWebsite/admin/view HTTP/1.1" 200 25814
127.0.0.1 - - [12/May/2022:10:07:50 +0700] "GET /LapTrinhWebsite/home/vendor/bootstrap/js/bootstrap.bundle.min.js.map HTTP/1.1" 200 316503
127.0.0.1 - - [12/May/2022:10:07:50 +0700] "GET /LapTrinhWebsite/home/vendor/bootstrap/css/bootstrap.min.css.map HTTP/1.1" 200 651359
127.0.0.1 - - [12/May/2022:10:07:53 +0700] "GET /LapTrinhWebsite/admin/view?type=dang-ban HTTP/1.1" 200 21426
127.0.0.1 - - [12/May/2022:10:07:53 +0700] "GET /LapTrinhWebsite/home/vendor/bootstrap/js/bootstrap.bundle.min.js.map HTTP/1.1" 200 316503
127.0.0.1 - - [12/May/2022:10:07:53 +0700] "GET /LapTrinhWebsite/home/vendor/bootstrap/css/bootstrap.min.css.map HTTP/1.1" 200 651359
127.0.0.1 - - [12/May/2022:10:07:57 +0700] "GET /LapTrinhWebsite/admin/view?type=dang-an HTTP/1.1" 200 9763
127.0.0.1 - - [12/May/2022:10:07:57 +0700] "GET /LapTrinhWebsite/home/vendor/bootstrap/css/bootstrap.min.css.map HTTP/1.1" 200 651359
127.0.0.1 - - [12/May/2022:10:07:57 +0700] "GET /LapTrinhWebsite/home/vendor/bootstrap/js/bootstrap.bundle.min.js.map HTTP/1.1" 200 316503
127.0.0.1 - - [12/May/2022:10:08:00 +0700] "GET /LapTrinhWebsite/admin/view?type=hang-moi-ve HTTP/1.1" 200 8519
127.0.0.1 - - [12/May/2022:10:08:00 +0700] "GET /LapTrinhWebsite/home/vendor/bootstrap/js/bootstrap.bundle.min.js.map HTTP/1.1" 200 316503
127.0.0.1 - - [12/May/2022:10:08:00 +0700] "GET /LapTrinhWebsite/home/vendor/bootstrap/css/bootstrap.min.css.map HTTP/1.1" 200 651359
0:0:0:0:0:0:0:1 - - [12/May/2022:10:08:21 +0700] "GET /LapTrinhWebsite/admin/view?type=hang-giam-gia HTTP/1.1" 200 19009
0:0:0:0:0:0:0:1 - - [12/May/2022:10:08:21 +0700] "GET /LapTrinhWebsite/home/vendor/bootstrap/css/bootstrap.min.css.map HTTP/1.1" 200 651359
0:0:0:0:0:0:0:1 - - [12/May/2022:10:08:21 +0700] "GET /LapTrinhWebsite/home/vendor/bootstrap/js/bootstrap.bundle.min.js.map HTTP/1.1" 200 316503
0:0:0:0:0:0:0:1 - - [12/May/2022:10:08:22 +0700] "GET /LapTrinhWebsite/admin/view?type=het-hang HTTP/1.1" 200 22339
0:0:0:0:0:0:0:1 - - [12/May/2022:10:08:22 +0700] "GET /LapTrinhWebsite/home/vendor/bootstrap/css/bootstrap.min.css.map HTTP/1.1" 200 651359
0:0:0:0:0:0:0:1 - - [12/May/2022:10:08:22 +0700] "GET /LapTrinhWebsite/home/vendor/bootstrap/js/bootstrap.bundle.min.js.map HTTP/1.1" 200 316503
0:0:0:0:0:0:0:1 - - [12/May/2022:10:08:42 +0700] "GET /LapTrinhWebsite/admin/view?type=dang-an HTTP/1.1" 200 9763
0:0:0:0:0:0:0:1 - - [12/May/2022:10:08:42 +0700] "GET /LapTrinhWebsite/home/vendor/bootstrap/js/bootstrap.bundle.min.js.map HTTP/1.1" 200 316503
0:0:0:0:0:0:0:1 - - [12/May/2022:10:08:42 +0700] "GET /LapTrinhWebsite/home/vendor/bootstrap/css/bootstrap.min.css.map HTTP/1.1" 200 651359
0:0:0:0:0:0:0:1 - - [12/May/2022:10:09:57 +0700] "GET /LapTrinhWebsite/admin HTTP/1.1" 200 4821
0:0:0:0:0:0:0:1 - - [12/May/2022:10:09:57 +0700] "GET /LapTrinhWebsite/home/vendor/bootstrap/js/bootstrap.bundle.min.js.map HTTP/1.1" 200 316503
0:0:0:0:0:0:0:1 - - [12/May/2022:10:09:57 +0700] "GET /LapTrinhWebsite/home/vendor/bootstrap/css/bootstrap.min.css.map HTTP/1.1" 200 651359
127.0.0.1 - - [12/May/2022:10:09:57 +0700] "GET / HTTP/1.1" 404 751
0:0:0:0:0:0:0:1 - - [12/May/2022:10:09:58 +0700] "GET /LapTrinhWebsite/admin/bill HTTP/1.1" 200 6839
0:0:0:0:0:0:0:1 - - [12/May/2022:10:09:58 +0700] "GET /LapTrinhWebsite/home/vendor/bootstrap/js/bootstrap.bundle.min.js.map HTTP/1.1" 200 316503
0:0:0:0:0:0:0:1 - - [12/May/2022:10:09:58 +0700] "GET /LapTrinhWebsite/home/vendor/bootstrap/css/bootstrap.min.css.map HTTP/1.1" 200 651359
0:0:0:0:0:0:0:1 - - [12/May/2022:10:10:00 +0700] "GET /LapTrinhWebsite/admin/view HTTP/1.1" 200 25877
0:0:0:0:0:0:0:1 - - [12/May/2022:10:10:00 +0700] "GET /LapTrinhWebsite/home/vendor/bootstrap/js/bootstrap.bundle.min.js.map HTTP/1.1" 200 316503
0:0:0:0:0:0:0:1 - - [12/May/2022:10:10:00 +0700] "GET /LapTrinhWebsite/home/vendor/bootstrap/css/bootstrap.min.css.map HTTP/1.1" 200 651359
0:0:0:0:0:0:0:1 - - [12/May/2022:10:10:01 +0700] "GET /LapTrinhWebsite/admin/view?type=dang-ban HTTP/1.1" 200 21491
0:0:0:0:0:0:0:1 - - [12/May/2022:10:10:01 +0700] "GET /LapTrinhWebsite/home/vendor/bootstrap/js/bootstrap.bundle.min.js.map HTTP/1.1" 200 316503
0:0:0:0:0:0:0:1 - - [12/May/2022:10:10:01 +0700] "GET /LapTrinhWebsite/home/vendor/bootstrap/css/bootstrap.min.css.map HTTP/1.1" 200 651359
0:0:0:0:0:0:0:1 - - [12/May/2022:10:10:03 +0700] "GET /LapTrinhWebsite/admin/view?type=dang-an HTTP/1.1" 200 9827
0:0:0:0:0:0:0:1 - - [12/May/2022:10:10:03 +0700] "GET /LapTrinhWebsite/home/vendor/bootstrap/css/bootstrap.min.css.map HTTP/1.1" 200 651359
0:0:0:0:0:0:0:1 - - [12/May/2022:10:10:03 +0700] "GET /LapTrinhWebsite/home/vendor/bootstrap/js/bootstrap.bundle.min.js.map HTTP/1.1" 200 316503
127.0.0.1 - - [12/May/2022:10:10:11 +0700] "GET / HTTP/1.1" 404 751
0:0:0:0:0:0:0:1 - - [12/May/2022:10:10:11 +0700] "GET /LapTrinhWebsite/admin/view?type=dang-an HTTP/1.1" 200 9834
0:0:0:0:0:0:0:1 - - [12/May/2022:10:10:11 +0700] "GET /LapTrinhWebsite/home/vendor/bootstrap/js/bootstrap.bundle.min.js.map HTTP/1.1" 200 316503
0:0:0:0:0:0:0:1 - - [12/May/2022:10:10:11 +0700] "GET /LapTrinhWebsite/home/vendor/bootstrap/css/bootstrap.min.css.map HTTP/1.1" 200 651359
0:0:0:0:0:0:0:1 - - [12/May/2022:10:10:12 +0700] "GET /LapTrinhWebsite/admin/view?type=dang-an HTTP/1.1" 200 9834
0:0:0:0:0:0:0:1 - - [12/May/2022:10:10:12 +0700] "GET /LapTrinhWebsite/home/vendor/bootstrap/css/bootstrap.min.css.map HTTP/1.1" 200 651359
127.0.0.1 - - [12/May/2022:10:10:12 +0700] "GET /LapTrinhWebsite/home/vendor/bootstrap/js/bootstrap.bundle.min.js.map HTTP/1.1" 200 316503
127.0.0.1 - - [12/May/2022:10:10:20 +0700] "GET / HTTP/1.1" 404 751
0:0:0:0:0:0:0:1 - - [12/May/2022:10:10:21 +0700] "GET /LapTrinhWebsite/admin/view?type=dang-an HTTP/1.1" 200 9834
0:0:0:0:0:0:0:1 - - [12/May/2022:10:10:21 +0700] "GET /LapTrinhWebsite/home/vendor/bootstrap/js/bootstrap.bundle.min.js.map HTTP/1.1" 200 316503
0:0:0:0:0:0:0:1 - - [12/May/2022:10:10:21 +0700] "GET /LapTrinhWebsite/home/vendor/bootstrap/css/bootstrap.min.css.map HTTP/1.1" 200 651359
0:0:0:0:0:0:0:1 - - [12/May/2022:10:10:22 +0700] "GET /LapTrinhWebsite/admin/view?type=dang-an HTTP/1.1" 200 9834
127.0.0.1 - - [12/May/2022:10:10:22 +0700] "GET /LapTrinhWebsite/home/vendor/bootstrap/js/bootstrap.bundle.min.js.map HTTP/1.1" 200 316503
0:0:0:0:0:0:0:1 - - [12/May/2022:10:10:22 +0700] "GET /LapTrinhWebsite/home/vendor/bootstrap/css/bootstrap.min.css.map HTTP/1.1" 200 651359
0:0:0:0:0:0:0:1 - - [12/May/2022:10:10:23 +0700] "GET /LapTrinhWebsite/admin/view?type=hang-moi-ve HTTP/1.1" 200 8594
127.0.0.1 - - [12/May/2022:10:10:23 +0700] "GET /LapTrinhWebsite/home/vendor/bootstrap/js/bootstrap.bundle.min.js.map HTTP/1.1" 200 316503
0:0:0:0:0:0:0:1 - - [12/May/2022:10:10:23 +0700] "GET /LapTrinhWebsite/home/vendor/bootstrap/css/bootstrap.min.css.map HTTP/1.1" 200 651359
0:0:0:0:0:0:0:1 - - [12/May/2022:10:10:24 +0700] "GET /LapTrinhWebsite/admin/view?type=hang-giam-gia HTTP/1.1" 200 19086
